src/app/api/optimize/route.ts(38,27): error TS1127: Invalid character.
src/app/api/optimize/route.ts(38,28): error TS1134: Variable declaration expected.
src/app/api/optimize/route.ts(61,1): error TS1005: '}' expected.
src/app/api/optimize/route.ts(61,1): error TS1160: Unterminated template literal.
src/lib/ai.ts(17,29): error TS1127: Invalid character.
src/lib/ai.ts(37,1): error TS1160: Unterminated template literal.
